/home/ywatanabe/.bin/git//monitor_repository.sh: line 89: cd: scitex-stats: No such file or directory
[2026-05-01 07:31:42] Started inotify monitoring: 
Monitoring 
Colors: [32m■ created[0m  [33m■ modified[0m  [31m■ deleted[0m

[2026-05-01 07:31:42] Started inotify monitoring: /home/ywatanabe/proj/scitex-dev
Monitoring /home/ywatanabe/proj/scitex-dev
Colors: [32m■ created[0m  [33m■ modified[0m  [31m■ deleted[0m

[33msrc/scitex_dev/_cli_audit/_audit.py[0m
[2026-05-01 07:33:10] MODIFIED: src/scitex_dev/_cli_audit/_audit.py
[33m.monitor_repository.sh.log[0m
[2026-05-01 07:33:10] MODIFIED: .monitor_repository.sh.log
[33msrc/scitex_dev/_cli_ecosystem.py[0m
[2026-05-01 07:34:41] MODIFIED: src/scitex_dev/_cli_ecosystem.py
[33m.monitor_repository.sh.log[0m
[2026-05-01 07:34:41] MODIFIED: .monitor_repository.sh.log
[33msrc/scitex_dev/_cli_audit/_audit.py[0m
[2026-05-01 07:35:02] MODIFIED: src/scitex_dev/_cli_audit/_audit.py
[33m.monitor_repository.sh.log[0m
[2026-05-01 07:35:02] MODIFIED: .monitor_repository.sh.log
[33msrc/scitex_dev/_skills/general/03_interface_02_cli/07_audit-cli.md[0m
[2026-05-01 07:35:29] MODIFIED: src/scitex_dev/_skills/general/03_interface_02_cli/07_audit-cli.md
[2026-05-01 07:35:29] MODIFIED: .monitor_repository.sh.log
